---
source: crates/migrate-turborepo/tests/migrate_turborepo_test.rs
expression: "fs::read_to_string(sandbox.path().join(\"server/moon.yml\")).unwrap()"
---
language: typescript
platform: node
tasks:
  build:
    command: yarn run build
    deps:
    - ^:build
    outputs:
    - server/**/*
  lint:
    command: yarn run lint
    options:
      outputStyle: buffer-only-failure

